[2026-09-22T07:00:14+0000] RUN_START
[2026-09-22T07:00:14+0000] START afx_scraper
2026-09-22 07:00:29 [scrapy.utils.log] INFO: Scrapy 2.14.1 started (bot: nse_scraper)
2026-09-22 07:00:29 [scrapy.utils.log] INFO: Versions:
{'lxml': '6.0.2',
 'libxml2': '2.14.6',
 'cssselect': '1.4.0',
 'parsel': '1.11.0',
 'w3lib': '2.3.1',
 'Twisted': '25.5.0',
 'Python': '3.14.7 (main, Sep  1 2026, 00:05:20) [GCC 14.2.0]',
 'pyOpenSSL': '25.3.0 (OpenSSL 3.5.5 27 Jan 2026)',
 'cryptography': '46.0.4',
 'Platform': 'Linux-6.8.0-100-generic-x86_64-with-glibc2.41'}
2026-09-22 07:00:29 [scrapy.addons] INFO: Enabled addons:
[]
2026-09-22 07:00:29 [scrapy.extensions.telnet] INFO: Telnet Password: 22ab36ecbfe9fb40
2026-09-22 07:00:30 [scrapy.middleware] INFO: Enabled extensions:
['scrapy.extensions.corestats.CoreStats',
 'scrapy.extensions.logcount.LogCount',
 'scrapy.extensions.telnet.TelnetConsole',
 'scrapy.extensions.memusage.MemoryUsage',
 'scrapy.extensions.logstats.LogStats',
 'scrapy.extensions.throttle.AutoThrottle',
 'nse_scraper.extensions.DataQualityGate']
2026-09-22 07:00:30 [scrapy.crawler] INFO: Overridden settings:
{'AUTOTHROTTLE_ENABLED': True,
 'AUTOTHROTTLE_MAX_DELAY': 20,
 'AUTOTHROTTLE_START_DELAY': 1,
 'BOT_NAME': 'nse_scraper',
 'CONCURRENT_REQUESTS': 8,
 'CONCURRENT_REQUESTS_PER_DOMAIN': 2,
 'DOWNLOAD_DELAY': 1,
 'DOWNLOAD_TIMEOUT': 30,
 'HTTPCACHE_ENABLED': 'False',
 'HTTPCACHE_EXPIRATION_SECS': 3600,
 'LOG_LEVEL': 'INFO',
 'NEWSPIDER_MODULE': 'nse_scraper.spiders',
 'RETRY_HTTP_CODES': [500, 502, 503, 504, 408, 429],
 'RETRY_TIMES': 3,
 'SPIDER_MODULES': ['nse_scraper.spiders'],
 'USER_AGENT': 'Mozilla/5.0 (Windows NT 10.0; Win64; x64) AppleWebKit/537.36 '
               '(KHTML, like Gecko) Chrome/120.0.0.0 Safari/537.36'}
2026-09-22 07:00:32 [scrapy.middleware] INFO: Enabled downloader middlewares:
['scrapy.downloadermiddlewares.offsite.OffsiteMiddleware',
 'scrapy.downloadermiddlewares.httpauth.HttpAuthMiddleware',
 'scrapy.downloadermiddlewares.downloadtimeout.DownloadTimeoutMiddleware',
 'scrapy.downloadermiddlewares.defaultheaders.DefaultHeadersMiddleware',
 'scrapy.downloadermiddlewares.useragent.UserAgentMiddleware',
 'nse_scraper.middlewares.NseScraperDownloaderMiddleware',
 'scrapy.downloadermiddlewares.retry.RetryMiddleware',
 'scrapy.downloadermiddlewares.redirect.MetaRefreshMiddleware',
 'scrapy.downloadermiddlewares.httpcompression.HttpCompressionMiddleware',
 'scrapy.downloadermiddlewares.redirect.RedirectMiddleware',
 'scrapy.downloadermiddlewares.cookies.CookiesMiddleware',
 'scrapy.downloadermiddlewares.httpproxy.HttpProxyMiddleware',
 'scrapy.downloadermiddlewares.stats.DownloaderStats']
2026-09-22 07:00:32 [py.warnings] WARNING: /usr/local/lib/python3.14/site-packages/scrapy/core/downloader/middleware.py:44: ScrapyDeprecationWarning: NseScraperDownloaderMiddleware.process_request() requires a spider argument, this is deprecated and the argument will not be passed in future Scrapy versions. If you need to access the spider instance you can save the crawler instance passed to from_crawler() and use its spider attribute.
  self._check_mw_method_spider_arg(mw.process_request)

2026-09-22 07:00:32 [scrapy.middleware] INFO: Enabled spider middlewares:
['scrapy.spidermiddlewares.start.StartSpiderMiddleware',
 'scrapy.spidermiddlewares.httperror.HttpErrorMiddleware',
 'scrapy.spidermiddlewares.referer.RefererMiddleware',
 'scrapy.spidermiddlewares.urllength.UrlLengthMiddleware',
 'scrapy.spidermiddlewares.depth.DepthMiddleware']
2026-09-22 07:00:32 [scrapy.middleware] INFO: Enabled item pipelines:
['nse_scraper.pipelines.NseScraperPipeline']
2026-09-22 07:00:32 [scrapy.core.engine] INFO: Spider opened
2026-09-22 07:00:33 [nse_scraper.db.backends] INFO: SQLite backend ready: /app/data/nse_scraper.sqlite3
2026-09-22 07:00:33 [nse_scraper.pipelines] INFO: Storage backend active: sqlite
2026-09-22 07:00:33 [scrapy.extensions.logstats] INFO: Crawled 0 pages (at 0 pages/min), scraped 0 items (at 0 items/min)
2026-09-22 07:00:33 [afx_scraper] INFO: Spider opened: afx_scraper
2026-09-22 07:00:33 [scrapy.extensions.telnet] INFO: Telnet console listening on 127.0.0.1:6023
2026-09-22 07:01:33 [scrapy.extensions.logstats] INFO: Crawled 0 pages (at 0 pages/min), scraped 0 items (at 0 items/min)
2026-09-22 07:02:33 [scrapy.extensions.logstats] INFO: Crawled 0 pages (at 0 pages/min), scraped 0 items (at 0 items/min)
2026-09-22 07:02:34 [scrapy.downloadermiddlewares.retry] ERROR: Gave up retrying <GET https://afx.kwayisi.org/nse/> (failed 4 times): User timeout caused connection failure.
2026-09-22 07:02:34 [scrapy.core.scraper] ERROR: Error downloading <GET https://afx.kwayisi.org/nse/>
Traceback (most recent call last):
  File "/usr/local/lib/python3.14/site-packages/twisted/internet/defer.py", line 1853, in _inlineCallbacks
    result = context.run(
        cast(Failure, result).throwExceptionIntoGenerator, gen
    )
  File "/usr/local/lib/python3.14/site-packages/twisted/python/failure.py", line 467, in throwExceptionIntoGenerator
    return g.throw(self.value.with_traceback(self.tb))
           ~~~~~~~^^^^^^^^^^^^^^^^^^^^^^^^^^^^^^^^^^^^
  File "/usr/local/lib/python3.14/site-packages/scrapy/core/engine.py", line 490, in _download
    result = yield self.downloader.fetch(request)
             ^^^^^^^^^^^^^^^^^^^^^^^^^^^^^^^^^^^^
  File "/usr/local/lib/python3.14/site-packages/twisted/internet/defer.py", line 1853, in _inlineCallbacks
    result = context.run(
        cast(Failure, result).throwExceptionIntoGenerator, gen
    )
  File "/usr/local/lib/python3.14/site-packages/twisted/python/failure.py", line 467, in throwExceptionIntoGenerator
    return g.throw(self.value.with_traceback(self.tb))
           ~~~~~~~^^^^^^^^^^^^^^^^^^^^^^^^^^^^^^^^^^^^
  File "/usr/local/lib/python3.14/site-packages/scrapy/core/downloader/__init__.py", line 144, in fetch
    yield deferred_from_coro(
        self.middleware.download_async(self._enqueue_request, request)
    )
  File "/usr/local/lib/python3.14/site-packages/twisted/internet/defer.py", line 1257, in adapt
    extracted: _SelfResultT | Failure = result.result()
                                        ~~~~~~~~~~~~~^^
  File "/usr/local/lib/python3.14/site-packages/scrapy/core/downloader/middleware.py", line 158, in download_async
    result = await process_exception(ex)
             ^^^^^^^^^^^^^^^^^^^^^^^^^^^
  File "/usr/local/lib/python3.14/site-packages/scrapy/core/downloader/middleware.py", line 150, in process_exception
    raise exception
  File "/usr/local/lib/python3.14/site-packages/scrapy/core/downloader/middleware.py", line 153, in download_async
    result: Response | Request = await process_request(request)
                                 ^^^^^^^^^^^^^^^^^^^^^^^^^^^^^^
  File "/usr/local/lib/python3.14/site-packages/scrapy/core/downloader/middleware.py", line 97, in process_request
    return await download_func(request)
           ^^^^^^^^^^^^^^^^^^^^^^^^^^^^
  File "/usr/local/lib/python3.14/site-packages/scrapy/core/downloader/__init__.py", line 202, in _enqueue_request
    return await maybe_deferred_to_future(d)  # fired in _wait_for_download()
           ^^^^^^^^^^^^^^^^^^^^^^^^^^^^^^^^^
  File "/usr/local/lib/python3.14/site-packages/scrapy/core/downloader/__init__.py", line 269, in _wait_for_download
    response = await self._download(slot, request)
               ^^^^^^^^^^^^^^^^^^^^^^^^^^^^^^^^^^^
  File "/usr/local/lib/python3.14/site-packages/scrapy/core/downloader/__init__.py", line 239, in _download
    response: Response = await self.handlers.download_request_async(request)
                         ^^^^^^^^^^^^^^^^^^^^^^^^^^^^^^^^^^^^^^^^^^^^^^^^^^^
  File "/usr/local/lib/python3.14/site-packages/scrapy/core/downloader/handlers/__init__.py", line 156, in download_request_async
    return await handler.download_request(request)
           ^^^^^^^^^^^^^^^^^^^^^^^^^^^^^^^^^^^^^^^
  File "/usr/local/lib/python3.14/site-packages/scrapy/core/downloader/handlers/http11.py", line 113, in download_request
    return await maybe_deferred_to_future(agent.download_request(request))
           ^^^^^^^^^^^^^^^^^^^^^^^^^^^^^^^^^^^^^^^^^^^^^^^^^^^^^^^^^^^^^^^
twisted.internet.error.TimeoutError: User timeout caused connection failure.
2026-09-22 07:02:34 [scrapy.core.engine] INFO: Closing spider (finished)
2026-09-22 07:02:34 [nse_scraper.pipelines] INFO: Storage backend closed
2026-09-22 07:02:34 [nse_scraper.extensions] INFO: Data quality gate passed for afx_scraper: 0 items (minimum 0)
2026-09-22 07:02:34 [scrapy.statscollectors] INFO: Dumping Scrapy stats:
{'downloader/exception_count': 4,
 'downloader/exception_type_count/twisted.internet.error.TimeoutError': 4,
 'downloader/request_bytes': 1276,
 'downloader/request_count': 4,
 'downloader/request_method_count/GET': 4,
 'elapsed_time_seconds': 121.324428,
 'finish_reason': 'finished',
 'finish_time': datetime.datetime(2026, 9, 22, 7, 2, 34, 385378, tzinfo=datetime.timezone.utc),
 'items_per_minute': 0.0,
 'log_count/ERROR': 2,
 'log_count/INFO': 7,
 'memusage/max': 91443200,
 'memusage/startup': 91049984,
 'responses_per_minute': 0.0,
 'retry/count': 3,
 'retry/max_reached': 1,
 'retry/reason_count/twisted.internet.error.TimeoutError': 3,
 'scheduler/dequeued': 4,
 'scheduler/dequeued/memory': 4,
 'scheduler/enqueued': 4,
 'scheduler/enqueued/memory': 4,
 'start_time': datetime.datetime(2026, 9, 22, 7, 0, 33, 60950, tzinfo=datetime.timezone.utc)}
2026-09-22 07:02:34 [scrapy.core.engine] INFO: Spider closed (finished)
[2026-09-22T07:02:35+0000] END afx_scraper exit=0
[2026-09-22T07:02:35+0000] QUALITY afx_scraper OK items=0 min=0 db_ok=0 db_failed=0
[2026-09-22T07:02:35+0000] START stockanalysis_scraper
2026-09-22 07:02:38 [scrapy.utils.log] INFO: Scrapy 2.14.1 started (bot: nse_scraper)
2026-09-22 07:02:38 [scrapy.utils.log] INFO: Versions:
{'lxml': '6.0.2',
 'libxml2': '2.14.6',
 'cssselect': '1.4.0',
 'parsel': '1.11.0',
 'w3lib': '2.3.1',
 'Twisted': '25.5.0',
 'Python': '3.14.7 (main, Sep  1 2026, 00:05:20) [GCC 14.2.0]',
 'pyOpenSSL': '25.3.0 (OpenSSL 3.5.5 27 Jan 2026)',
 'cryptography': '46.0.4',
 'Platform': 'Linux-6.8.0-100-generic-x86_64-with-glibc2.41'}
2026-09-22 07:02:38 [scrapy.addons] INFO: Enabled addons:
[]
2026-09-22 07:02:38 [scrapy.extensions.telnet] INFO: Telnet Password: c39dc4aebd543b86
2026-09-22 07:02:38 [scrapy.middleware] INFO: Enabled extensions:
['scrapy.extensions.corestats.CoreStats',
 'scrapy.extensions.logcount.LogCount',
 'scrapy.extensions.telnet.TelnetConsole',
 'scrapy.extensions.memusage.MemoryUsage',
 'scrapy.extensions.logstats.LogStats',
 'scrapy.extensions.throttle.AutoThrottle',
 'nse_scraper.extensions.DataQualityGate']
2026-09-22 07:02:38 [scrapy.crawler] INFO: Overridden settings:
{'AUTOTHROTTLE_ENABLED': True,
 'AUTOTHROTTLE_MAX_DELAY': 15,
 'AUTOTHROTTLE_START_DELAY': 2,
 'BOT_NAME': 'nse_scraper',
 'CONCURRENT_REQUESTS': 8,
 'CONCURRENT_REQUESTS_PER_DOMAIN': 1,
 'DOWNLOAD_DELAY': 2.0,
 'DOWNLOAD_TIMEOUT': 30,
 'HTTPCACHE_ENABLED': 'False',
 'HTTPCACHE_EXPIRATION_SECS': 3600,
 'LOG_LEVEL': 'INFO',
 'NEWSPIDER_MODULE': 'nse_scraper.spiders',
 'RETRY_HTTP_CODES': [500, 502, 503, 504, 408, 429],
 'SPIDER_MODULES': ['nse_scraper.spiders'],
 'USER_AGENT': 'Mozilla/5.0 (Windows NT 10.0; Win64; x64) AppleWebKit/537.36 '
               '(KHTML, like Gecko) Chrome/120.0.0.0 Safari/537.36'}
2026-09-22 07:02:38 [scrapy.middleware] INFO: Enabled downloader middlewares:
['scrapy.downloadermiddlewares.offsite.OffsiteMiddleware',
 'scrapy.downloadermiddlewares.httpauth.HttpAuthMiddleware',
 'scrapy.downloadermiddlewares.downloadtimeout.DownloadTimeoutMiddleware',
 'scrapy.downloadermiddlewares.defaultheaders.DefaultHeadersMiddleware',
 'scrapy.downloadermiddlewares.useragent.UserAgentMiddleware',
 'nse_scraper.middlewares.NseScraperDownloaderMiddleware',
 'scrapy.downloadermiddlewares.retry.RetryMiddleware',
 'scrapy.downloadermiddlewares.redirect.MetaRefreshMiddleware',
 'scrapy.downloadermiddlewares.httpcompression.HttpCompressionMiddleware',
 'scrapy.downloadermiddlewares.redirect.RedirectMiddleware',
 'scrapy.downloadermiddlewares.cookies.CookiesMiddleware',
 'scrapy.downloadermiddlewares.httpproxy.HttpProxyMiddleware',
 'scrapy.downloadermiddlewares.stats.DownloaderStats']
2026-09-22 07:02:38 [py.warnings] WARNING: /usr/local/lib/python3.14/site-packages/scrapy/core/downloader/middleware.py:44: ScrapyDeprecationWarning: NseScraperDownloaderMiddleware.process_request() requires a spider argument, this is deprecated and the argument will not be passed in future Scrapy versions. If you need to access the spider instance you can save the crawler instance passed to from_crawler() and use its spider attribute.
  self._check_mw_method_spider_arg(mw.process_request)

2026-09-22 07:02:38 [scrapy.middleware] INFO: Enabled spider middlewares:
['scrapy.spidermiddlewares.start.StartSpiderMiddleware',
 'scrapy.spidermiddlewares.httperror.HttpErrorMiddleware',
 'scrapy.spidermiddlewares.referer.RefererMiddleware',
 'scrapy.spidermiddlewares.urllength.UrlLengthMiddleware',
 'scrapy.spidermiddlewares.depth.DepthMiddleware']
2026-09-22 07:02:38 [scrapy.middleware] INFO: Enabled item pipelines:
['nse_scraper.pipelines.StockAnalysisPipeline']
2026-09-22 07:02:38 [scrapy.core.engine] INFO: Spider opened
2026-09-22 07:02:38 [nse_scraper.db.backends] INFO: SQLite backend ready: /app/data/nse_scraper.sqlite3
2026-09-22 07:02:38 [nse_scraper.pipelines] INFO: StockAnalysisPipeline: Supabase storage active
2026-09-22 07:02:38 [scrapy.extensions.logstats] INFO: Crawled 0 pages (at 0 pages/min), scraped 0 items (at 0 items/min)
2026-09-22 07:02:38 [stockanalysis_scraper] INFO: Spider opened: stockanalysis_scraper
2026-09-22 07:02:38 [scrapy.extensions.telnet] INFO: Telnet console listening on 127.0.0.1:6023
2026-09-22 07:02:39 [nse_scraper.spiders.stockanalysis_scraper] INFO: View 'performance' missing in embedded payload; rebuilding from per-symbol pages
2026-09-22 07:02:39 [nse_scraper.spiders.stockanalysis_scraper] INFO: Enriching 16 of 63 symbols this run (offset 18): KQ,TOTL,JUB,KNRE,CGEN,HFCB,BAMB,CIC,CTUM,CARB,PORT,KUKZ,CRWN,NSE,WTK,SLAM
2026-09-22 07:02:39 [nse_scraper.spiders.stockanalysis_scraper] INFO: Fetching financial statements for 8 of 63 symbols this run (offset 9): SCBK,SBIC,KEGN,BAT,BKG,DTK,FMLY,BRIT
2026-09-22 07:03:07 [nse_scraper.spiders.stockanalysis_scraper] INFO: No cashflow/quarterly statement rows for FMLY
2026-09-22 07:03:26 [nse_scraper.spiders.stockanalysis_scraper] INFO: No cashflow/quarterly statement rows for DTK
2026-09-22 07:03:39 [scrapy.extensions.logstats] INFO: Crawled 25 pages (at 25 pages/min), scraped 85 items (at 85 items/min)
2026-09-22 07:03:45 [nse_scraper.spiders.stockanalysis_scraper] INFO: No cashflow/quarterly statement rows for BKG
2026-09-22 07:04:38 [scrapy.extensions.logstats] INFO: Crawled 48 pages (at 23 pages/min), scraped 107 items (at 22 items/min)
2026-09-22 07:04:45 [nse_scraper.spiders.stockanalysis_scraper] WARNING: Statement page request failed: https://stockanalysis.com/quote/nase/SBIC/financials/cash-flow-statement/?p=quarterly (Ignoring non-200 response)
2026-09-22 07:04:47 [nse_scraper.spiders.stockanalysis_scraper] WARNING: Statement page request failed: https://stockanalysis.com/quote/nase/SBIC/financials/cash-flow-statement/ (Ignoring non-200 response)
2026-09-22 07:04:50 [nse_scraper.spiders.stockanalysis_scraper] WARNING: Statement page request failed: https://stockanalysis.com/quote/nase/SBIC/financials/balance-sheet/?p=quarterly (Ignoring non-200 response)
2026-09-22 07:04:52 [nse_scraper.spiders.stockanalysis_scraper] WARNING: Statement page request failed: https://stockanalysis.com/quote/nase/SBIC/financials/balance-sheet/ (Ignoring non-200 response)
2026-09-22 07:04:55 [nse_scraper.spiders.stockanalysis_scraper] WARNING: Statement page request failed: https://stockanalysis.com/quote/nase/SBIC/financials/income-statement/?p=quarterly (Ignoring non-200 response)
2026-09-22 07:04:58 [nse_scraper.spiders.stockanalysis_scraper] WARNING: Statement page request failed: https://stockanalysis.com/quote/nase/SBIC/financials/income-statement/ (Ignoring non-200 response)
2026-09-22 07:05:01 [nse_scraper.spiders.stockanalysis_scraper] WARNING: Statement page request failed: https://stockanalysis.com/quote/nase/SCBK/financials/ratios/?p=quarterly (Ignoring non-200 response)
2026-09-22 07:05:03 [nse_scraper.spiders.stockanalysis_scraper] WARNING: Statement page request failed: https://stockanalysis.com/quote/nase/SCBK/financials/ratios/ (Ignoring non-200 response)
2026-09-22 07:05:05 [nse_scraper.spiders.stockanalysis_scraper] WARNING: Statement page request failed: https://stockanalysis.com/quote/nase/SCBK/financials/cash-flow-statement/?p=quarterly (Ignoring non-200 response)
2026-09-22 07:05:07 [nse_scraper.spiders.stockanalysis_scraper] WARNING: Statement page request failed: https://stockanalysis.com/quote/nase/SCBK/financials/cash-flow-statement/ (Ignoring non-200 response)
2026-09-22 07:05:09 [nse_scraper.spiders.stockanalysis_scraper] WARNING: Statement page request failed: https://stockanalysis.com/quote/nase/SCBK/financials/balance-sheet/?p=quarterly (Ignoring non-200 response)
2026-09-22 07:05:11 [nse_scraper.spiders.stockanalysis_scraper] WARNING: Statement page request failed: https://stockanalysis.com/quote/nase/SCBK/financials/balance-sheet/ (Ignoring non-200 response)
2026-09-22 07:05:13 [nse_scraper.spiders.stockanalysis_scraper] WARNING: Statement page request failed: https://stockanalysis.com/quote/nase/SCBK/financials/income-statement/?p=quarterly (Ignoring non-200 response)
2026-09-22 07:05:16 [nse_scraper.spiders.stockanalysis_scraper] WARNING: Statement page request failed: https://stockanalysis.com/quote/nase/SCBK/financials/income-statement/ (Ignoring non-200 response)
2026-09-22 07:05:17 [nse_scraper.spiders.stockanalysis_scraper] WARNING: Per-symbol page request failed: https://stockanalysis.com/quote/nase/SLAM/company/ (Ignoring non-200 response)
2026-09-22 07:05:20 [nse_scraper.spiders.stockanalysis_scraper] WARNING: Per-symbol page request failed: https://stockanalysis.com/quote/nase/SLAM/dividend/ (Ignoring non-200 response)
2026-09-22 07:05:23 [nse_scraper.spiders.stockanalysis_scraper] WARNING: Per-symbol page request failed: https://stockanalysis.com/quote/nase/SLAM/ (Ignoring non-200 response)
2026-09-22 07:05:25 [nse_scraper.spiders.stockanalysis_scraper] WARNING: Per-symbol page request failed: https://stockanalysis.com/quote/nase/WTK/company/ (Ignoring non-200 response)
2026-09-22 07:05:28 [nse_scraper.spiders.stockanalysis_scraper] WARNING: Per-symbol page request failed: https://stockanalysis.com/quote/nase/WTK/dividend/ (Ignoring non-200 response)
2026-09-22 07:05:31 [nse_scraper.spiders.stockanalysis_scraper] WARNING: Per-symbol page request failed: https://stockanalysis.com/quote/nase/WTK/ (Ignoring non-200 response)
2026-09-22 07:05:33 [nse_scraper.spiders.stockanalysis_scraper] WARNING: Per-symbol page request failed: https://stockanalysis.com/quote/nase/NSE/company/ (Ignoring non-200 response)
2026-09-22 07:05:36 [nse_scraper.spiders.stockanalysis_scraper] WARNING: Per-symbol page request failed: https://stockanalysis.com/quote/nase/NSE/dividend/ (Ignoring non-200 response)
2026-09-22 07:05:38 [scrapy.extensions.logstats] INFO: Crawled 73 pages (at 25 pages/min), scraped 110 items (at 3 items/min)
2026-09-22 07:05:39 [nse_scraper.spiders.stockanalysis_scraper] WARNING: Per-symbol page request failed: https://stockanalysis.com/quote/nase/NSE/ (Ignoring non-200 response)
2026-09-22 07:05:41 [nse_scraper.spiders.stockanalysis_scraper] WARNING: Per-symbol page request failed: https://stockanalysis.com/quote/nase/CRWN/company/ (Ignoring non-200 response)
2026-09-22 07:05:44 [nse_scraper.spiders.stockanalysis_scraper] WARNING: Per-symbol page request failed: https://stockanalysis.com/quote/nase/CRWN/dividend/ (Ignoring non-200 response)
2026-09-22 07:05:46 [nse_scraper.spiders.stockanalysis_scraper] WARNING: Per-symbol page request failed: https://stockanalysis.com/quote/nase/CRWN/ (Ignoring non-200 response)
2026-09-22 07:05:48 [nse_scraper.spiders.stockanalysis_scraper] WARNING: Per-symbol page request failed: https://stockanalysis.com/quote/nase/KUKZ/company/ (Ignoring non-200 response)
2026-09-22 07:05:51 [nse_scraper.spiders.stockanalysis_scraper] WARNING: Per-symbol page request failed: https://stockanalysis.com/quote/nase/KUKZ/dividend/ (Ignoring non-200 response)
2026-09-22 07:05:54 [nse_scraper.spiders.stockanalysis_scraper] WARNING: Per-symbol page request failed: https://stockanalysis.com/quote/nase/KUKZ/ (Ignoring non-200 response)
2026-09-22 07:05:56 [nse_scraper.spiders.stockanalysis_scraper] WARNING: Per-symbol page request failed: https://stockanalysis.com/quote/nase/PORT/company/ (Ignoring non-200 response)
2026-09-22 07:05:58 [nse_scraper.spiders.stockanalysis_scraper] WARNING: Per-symbol page request failed: https://stockanalysis.com/quote/nase/PORT/dividend/ (Ignoring non-200 response)
2026-09-22 07:06:01 [nse_scraper.spiders.stockanalysis_scraper] WARNING: Per-symbol page request failed: https://stockanalysis.com/quote/nase/PORT/ (Ignoring non-200 response)
2026-09-22 07:06:03 [nse_scraper.spiders.stockanalysis_scraper] WARNING: Per-symbol page request failed: https://stockanalysis.com/quote/nase/CARB/company/ (Ignoring non-200 response)
2026-09-22 07:06:05 [nse_scraper.spiders.stockanalysis_scraper] WARNING: Per-symbol page request failed: https://stockanalysis.com/quote/nase/CARB/dividend/ (Ignoring non-200 response)
2026-09-22 07:06:07 [nse_scraper.spiders.stockanalysis_scraper] WARNING: Per-symbol page request failed: https://stockanalysis.com/quote/nase/CARB/ (Ignoring non-200 response)
2026-09-22 07:06:10 [nse_scraper.spiders.stockanalysis_scraper] WARNING: Per-symbol page request failed: https://stockanalysis.com/quote/nase/CTUM/company/ (Ignoring non-200 response)
2026-09-22 07:06:13 [nse_scraper.spiders.stockanalysis_scraper] WARNING: Per-symbol page request failed: https://stockanalysis.com/quote/nase/CTUM/dividend/ (Ignoring non-200 response)
2026-09-22 07:06:16 [nse_scraper.spiders.stockanalysis_scraper] WARNING: Per-symbol page request failed: https://stockanalysis.com/quote/nase/CTUM/ (Ignoring non-200 response)
2026-09-22 07:06:18 [nse_scraper.spiders.stockanalysis_scraper] WARNING: Per-symbol page request failed: https://stockanalysis.com/quote/nase/CIC/company/ (Ignoring non-200 response)
2026-09-22 07:06:20 [nse_scraper.spiders.stockanalysis_scraper] WARNING: Per-symbol page request failed: https://stockanalysis.com/quote/nase/CIC/dividend/ (Ignoring non-200 response)
2026-09-22 07:06:22 [nse_scraper.spiders.stockanalysis_scraper] WARNING: Per-symbol page request failed: https://stockanalysis.com/quote/nase/CIC/ (Ignoring non-200 response)
2026-09-22 07:06:23 [nse_scraper.spiders.stockanalysis_scraper] WARNING: Per-symbol page request failed: https://stockanalysis.com/quote/nase/BAMB/company/ (Ignoring non-200 response)
2026-09-22 07:06:26 [nse_scraper.spiders.stockanalysis_scraper] WARNING: Per-symbol page request failed: https://stockanalysis.com/quote/nase/BAMB/dividend/ (Ignoring non-200 response)
2026-09-22 07:06:29 [nse_scraper.spiders.stockanalysis_scraper] WARNING: Per-symbol page request failed: https://stockanalysis.com/quote/nase/BAMB/ (Ignoring non-200 response)
2026-09-22 07:06:32 [nse_scraper.spiders.stockanalysis_scraper] WARNING: Per-symbol page request failed: https://stockanalysis.com/quote/nase/HFCB/company/ (Ignoring non-200 response)
2026-09-22 07:06:35 [nse_scraper.spiders.stockanalysis_scraper] WARNING: Per-symbol page request failed: https://stockanalysis.com/quote/nase/HFCB/dividend/ (Ignoring non-200 response)
2026-09-22 07:06:37 [nse_scraper.spiders.stockanalysis_scraper] WARNING: Per-symbol page request failed: https://stockanalysis.com/quote/nase/HFCB/ (Ignoring non-200 response)
2026-09-22 07:06:38 [scrapy.extensions.logstats] INFO: Crawled 98 pages (at 25 pages/min), scraped 110 items (at 0 items/min)
2026-09-22 07:06:39 [nse_scraper.spiders.stockanalysis_scraper] WARNING: Per-symbol page request failed: https://stockanalysis.com/quote/nase/CGEN/company/ (Ignoring non-200 response)
2026-09-22 07:06:42 [nse_scraper.spiders.stockanalysis_scraper] WARNING: Per-symbol page request failed: https://stockanalysis.com/quote/nase/CGEN/dividend/ (Ignoring non-200 response)
2026-09-22 07:06:45 [nse_scraper.spiders.stockanalysis_scraper] WARNING: Per-symbol page request failed: https://stockanalysis.com/quote/nase/CGEN/ (Ignoring non-200 response)
2026-09-22 07:06:48 [nse_scraper.spiders.stockanalysis_scraper] WARNING: Per-symbol page request failed: https://stockanalysis.com/quote/nase/KNRE/company/ (Ignoring non-200 response)
2026-09-22 07:06:50 [nse_scraper.spiders.stockanalysis_scraper] WARNING: Per-symbol page request failed: https://stockanalysis.com/quote/nase/KNRE/dividend/ (Ignoring non-200 response)
2026-09-22 07:06:53 [nse_scraper.spiders.stockanalysis_scraper] WARNING: Per-symbol page request failed: https://stockanalysis.com/quote/nase/KNRE/ (Ignoring non-200 response)
2026-09-22 07:06:56 [nse_scraper.spiders.stockanalysis_scraper] WARNING: Per-symbol page request failed: https://stockanalysis.com/quote/nase/JUB/company/ (Ignoring non-200 response)
2026-09-22 07:06:58 [nse_scraper.spiders.stockanalysis_scraper] WARNING: Per-symbol page request failed: https://stockanalysis.com/quote/nase/JUB/dividend/ (Ignoring non-200 response)
2026-09-22 07:07:00 [nse_scraper.spiders.stockanalysis_scraper] WARNING: Per-symbol page request failed: https://stockanalysis.com/quote/nase/JUB/ (Ignoring non-200 response)
2026-09-22 07:07:04 [nse_scraper.spiders.stockanalysis_scraper] WARNING: Per-symbol page request failed: https://stockanalysis.com/quote/nase/TOTL/company/ (Ignoring non-200 response)
2026-09-22 07:07:06 [nse_scraper.spiders.stockanalysis_scraper] WARNING: Per-symbol page request failed: https://stockanalysis.com/quote/nase/TOTL/dividend/ (Ignoring non-200 response)
2026-09-22 07:07:09 [nse_scraper.spiders.stockanalysis_scraper] WARNING: Per-symbol page request failed: https://stockanalysis.com/quote/nase/TOTL/ (Ignoring non-200 response)
2026-09-22 07:07:11 [nse_scraper.spiders.stockanalysis_scraper] WARNING: Per-symbol page request failed: https://stockanalysis.com/quote/nase/KQ/company/ (Ignoring non-200 response)
2026-09-22 07:07:14 [nse_scraper.spiders.stockanalysis_scraper] WARNING: Per-symbol page request failed: https://stockanalysis.com/quote/nase/KQ/dividend/ (Ignoring non-200 response)
2026-09-22 07:07:16 [nse_scraper.spiders.stockanalysis_scraper] WARNING: Per-symbol page request failed: https://stockanalysis.com/quote/nase/KQ/ (Ignoring non-200 response)
2026-09-22 07:07:16 [scrapy.core.engine] INFO: Closing spider (finished)
2026-09-22 07:07:18 [nse_scraper.extensions] INFO: Data quality gate passed for stockanalysis_scraper: 110 items (minimum 95)
2026-09-22 07:07:18 [scrapy.statscollectors] INFO: Dumping Scrapy stats:
{'downloader/request_bytes': 49631,
 'downloader/request_count': 113,
 'downloader/request_method_count/GET': 113,
 'downloader/response_bytes': 2446425,
 'downloader/response_count': 113,
 'downloader/response_status_count/200': 51,
 'downloader/response_status_count/403': 62,
 'elapsed_time_seconds': 279.275963,
 'finish_reason': 'finished',
 'finish_time': datetime.datetime(2026, 9, 22, 7, 7, 18, 6156, tzinfo=datetime.timezone.utc),
 'httpcompression/response_bytes': 11356884,
 'httpcompression/response_count': 113,
 'item_scraped_count': 110,
 'items_per_minute': 23.65591397849462,
 'log_count/INFO': 14,
 'log_count/WARNING': 62,
 'memusage/max': 111128576,
 'memusage/startup': 92778496,
 'nse/db_upsert_ok': 63,
 'nse_scraper/financials_ok': 47,
 'request_depth_max': 1,
 'response_received_count': 113,
 'responses_per_minute': 24.301075268817204,
 'scheduler/dequeued': 113,
 'scheduler/dequeued/memory': 113,
 'scheduler/enqueued': 113,
 'scheduler/enqueued/memory': 113,
 'start_time': datetime.datetime(2026, 9, 22, 7, 2, 38, 730193, tzinfo=datetime.timezone.utc),
 'stockanalysis/statement_page_empty': 3,
 'stockanalysis/statement_page_failed': 14,
 'stockanalysis/symbol_page_failed': 48}
2026-09-22 07:07:18 [scrapy.core.engine] INFO: Spider closed (finished)
[2026-09-22T07:07:19+0000] END stockanalysis_scraper exit=0
[2026-09-22T07:07:19+0000] QUALITY stockanalysis_scraper OK items=110 min=95 db_ok=63 db_failed=0
[2026-09-22T07:07:19+0000] RUN_STATUS SUCCESS
