[2026-10-06T07:00:07+0000] RUN_START
[2026-10-06T07:00:07+0000] START afx_scraper
2026-10-06 07:00:11 [scrapy.utils.log] INFO: Scrapy 2.14.1 started (bot: nse_scraper)
2026-10-06 07:00:11 [scrapy.utils.log] INFO: Versions:
{'lxml': '6.0.2',
 'libxml2': '2.14.6',
 'cssselect': '1.4.0',
 'parsel': '1.11.0',
 'w3lib': '2.3.1',
 'Twisted': '25.5.0',
 'Python': '3.14.7 (main, Sep  1 2026, 00:05:20) [GCC 14.2.0]',
 'pyOpenSSL': '25.3.0 (OpenSSL 3.5.5 27 Jan 2026)',
 'cryptography': '46.0.4',
 'Platform': 'Linux-6.8.0-100-generic-x86_64-with-glibc2.41'}
2026-10-06 07:00:11 [scrapy.addons] INFO: Enabled addons:
[]
2026-10-06 07:00:11 [scrapy.extensions.telnet] INFO: Telnet Password: 07475a323f635980
2026-10-06 07:00:11 [scrapy.middleware] INFO: Enabled extensions:
['scrapy.extensions.corestats.CoreStats',
 'scrapy.extensions.logcount.LogCount',
 'scrapy.extensions.telnet.TelnetConsole',
 'scrapy.extensions.memusage.MemoryUsage',
 'scrapy.extensions.logstats.LogStats',
 'scrapy.extensions.throttle.AutoThrottle',
 'nse_scraper.extensions.DataQualityGate']
2026-10-06 07:00:11 [scrapy.crawler] INFO: Overridden settings:
{'AUTOTHROTTLE_ENABLED': True,
 'AUTOTHROTTLE_MAX_DELAY': 20,
 'AUTOTHROTTLE_START_DELAY': 1,
 'BOT_NAME': 'nse_scraper',
 'CONCURRENT_REQUESTS': 8,
 'CONCURRENT_REQUESTS_PER_DOMAIN': 2,
 'DOWNLOAD_DELAY': 1,
 'DOWNLOAD_TIMEOUT': 30,
 'HTTPCACHE_ENABLED': 'False',
 'HTTPCACHE_EXPIRATION_SECS': 3600,
 'LOG_LEVEL': 'INFO',
 'NEWSPIDER_MODULE': 'nse_scraper.spiders',
 'RETRY_HTTP_CODES': [500, 502, 503, 504, 408, 429],
 'RETRY_TIMES': 3,
 'SPIDER_MODULES': ['nse_scraper.spiders'],
 'USER_AGENT': 'Mozilla/5.0 (Windows NT 10.0; Win64; x64) AppleWebKit/537.36 '
               '(KHTML, like Gecko) Chrome/120.0.0.0 Safari/537.36'}
2026-10-06 07:00:11 [scrapy.middleware] INFO: Enabled downloader middlewares:
['scrapy.downloadermiddlewares.offsite.OffsiteMiddleware',
 'scrapy.downloadermiddlewares.httpauth.HttpAuthMiddleware',
 'scrapy.downloadermiddlewares.downloadtimeout.DownloadTimeoutMiddleware',
 'scrapy.downloadermiddlewares.defaultheaders.DefaultHeadersMiddleware',
 'scrapy.downloadermiddlewares.useragent.UserAgentMiddleware',
 'nse_scraper.middlewares.NseScraperDownloaderMiddleware',
 'scrapy.downloadermiddlewares.retry.RetryMiddleware',
 'scrapy.downloadermiddlewares.redirect.MetaRefreshMiddleware',
 'scrapy.downloadermiddlewares.httpcompression.HttpCompressionMiddleware',
 'scrapy.downloadermiddlewares.redirect.RedirectMiddleware',
 'scrapy.downloadermiddlewares.cookies.CookiesMiddleware',
 'scrapy.downloadermiddlewares.httpproxy.HttpProxyMiddleware',
 'scrapy.downloadermiddlewares.stats.DownloaderStats']
2026-10-06 07:00:11 [py.warnings] WARNING: /usr/local/lib/python3.14/site-packages/scrapy/core/downloader/middleware.py:44: ScrapyDeprecationWarning: NseScraperDownloaderMiddleware.process_request() requires a spider argument, this is deprecated and the argument will not be passed in future Scrapy versions. If you need to access the spider instance you can save the crawler instance passed to from_crawler() and use its spider attribute.
  self._check_mw_method_spider_arg(mw.process_request)

2026-10-06 07:00:11 [scrapy.middleware] INFO: Enabled spider middlewares:
['scrapy.spidermiddlewares.start.StartSpiderMiddleware',
 'scrapy.spidermiddlewares.httperror.HttpErrorMiddleware',
 'scrapy.spidermiddlewares.referer.RefererMiddleware',
 'scrapy.spidermiddlewares.urllength.UrlLengthMiddleware',
 'scrapy.spidermiddlewares.depth.DepthMiddleware']
2026-10-06 07:00:11 [scrapy.middleware] INFO: Enabled item pipelines:
['nse_scraper.pipelines.NseScraperPipeline']
2026-10-06 07:00:11 [scrapy.core.engine] INFO: Spider opened
2026-10-06 07:00:11 [nse_scraper.db.backends] INFO: SQLite backend ready: /app/data/nse_scraper.sqlite3
2026-10-06 07:00:11 [nse_scraper.pipelines] INFO: Storage backend active: sqlite
2026-10-06 07:00:11 [scrapy.extensions.logstats] INFO: Crawled 0 pages (at 0 pages/min), scraped 0 items (at 0 items/min)
2026-10-06 07:00:11 [afx_scraper] INFO: Spider opened: afx_scraper
2026-10-06 07:00:11 [scrapy.extensions.telnet] INFO: Telnet console listening on 127.0.0.1:6023
2026-10-06 07:01:11 [scrapy.extensions.logstats] INFO: Crawled 0 pages (at 0 pages/min), scraped 0 items (at 0 items/min)
2026-10-06 07:02:11 [scrapy.extensions.logstats] INFO: Crawled 0 pages (at 0 pages/min), scraped 0 items (at 0 items/min)
2026-10-06 07:02:12 [scrapy.downloadermiddlewares.retry] ERROR: Gave up retrying <GET https://afx.kwayisi.org/nse/> (failed 4 times): User timeout caused connection failure.
2026-10-06 07:02:12 [scrapy.core.scraper] ERROR: Error downloading <GET https://afx.kwayisi.org/nse/>
Traceback (most recent call last):
  File "/usr/local/lib/python3.14/site-packages/twisted/internet/defer.py", line 1853, in _inlineCallbacks
    result = context.run(
        cast(Failure, result).throwExceptionIntoGenerator, gen
    )
  File "/usr/local/lib/python3.14/site-packages/twisted/python/failure.py", line 467, in throwExceptionIntoGenerator
    return g.throw(self.value.with_traceback(self.tb))
           ~~~~~~~^^^^^^^^^^^^^^^^^^^^^^^^^^^^^^^^^^^^
  File "/usr/local/lib/python3.14/site-packages/scrapy/core/engine.py", line 490, in _download
    result = yield self.downloader.fetch(request)
             ^^^^^^^^^^^^^^^^^^^^^^^^^^^^^^^^^^^^
  File "/usr/local/lib/python3.14/site-packages/twisted/internet/defer.py", line 1853, in _inlineCallbacks
    result = context.run(
        cast(Failure, result).throwExceptionIntoGenerator, gen
    )
  File "/usr/local/lib/python3.14/site-packages/twisted/python/failure.py", line 467, in throwExceptionIntoGenerator
    return g.throw(self.value.with_traceback(self.tb))
           ~~~~~~~^^^^^^^^^^^^^^^^^^^^^^^^^^^^^^^^^^^^
  File "/usr/local/lib/python3.14/site-packages/scrapy/core/downloader/__init__.py", line 144, in fetch
    yield deferred_from_coro(
        self.middleware.download_async(self._enqueue_request, request)
    )
  File "/usr/local/lib/python3.14/site-packages/twisted/internet/defer.py", line 1257, in adapt
    extracted: _SelfResultT | Failure = result.result()
                                        ~~~~~~~~~~~~~^^
  File "/usr/local/lib/python3.14/site-packages/scrapy/core/downloader/middleware.py", line 158, in download_async
    result = await process_exception(ex)
             ^^^^^^^^^^^^^^^^^^^^^^^^^^^
  File "/usr/local/lib/python3.14/site-packages/scrapy/core/downloader/middleware.py", line 150, in process_exception
    raise exception
  File "/usr/local/lib/python3.14/site-packages/scrapy/core/downloader/middleware.py", line 153, in download_async
    result: Response | Request = await process_request(request)
                                 ^^^^^^^^^^^^^^^^^^^^^^^^^^^^^^
  File "/usr/local/lib/python3.14/site-packages/scrapy/core/downloader/middleware.py", line 97, in process_request
    return await download_func(request)
           ^^^^^^^^^^^^^^^^^^^^^^^^^^^^
  File "/usr/local/lib/python3.14/site-packages/scrapy/core/downloader/__init__.py", line 202, in _enqueue_request
    return await maybe_deferred_to_future(d)  # fired in _wait_for_download()
           ^^^^^^^^^^^^^^^^^^^^^^^^^^^^^^^^^
  File "/usr/local/lib/python3.14/site-packages/scrapy/core/downloader/__init__.py", line 269, in _wait_for_download
    response = await self._download(slot, request)
               ^^^^^^^^^^^^^^^^^^^^^^^^^^^^^^^^^^^
  File "/usr/local/lib/python3.14/site-packages/scrapy/core/downloader/__init__.py", line 239, in _download
    response: Response = await self.handlers.download_request_async(request)
                         ^^^^^^^^^^^^^^^^^^^^^^^^^^^^^^^^^^^^^^^^^^^^^^^^^^^
  File "/usr/local/lib/python3.14/site-packages/scrapy/core/downloader/handlers/__init__.py", line 156, in download_request_async
    return await handler.download_request(request)
           ^^^^^^^^^^^^^^^^^^^^^^^^^^^^^^^^^^^^^^^
  File "/usr/local/lib/python3.14/site-packages/scrapy/core/downloader/handlers/http11.py", line 113, in download_request
    return await maybe_deferred_to_future(agent.download_request(request))
           ^^^^^^^^^^^^^^^^^^^^^^^^^^^^^^^^^^^^^^^^^^^^^^^^^^^^^^^^^^^^^^^
twisted.internet.error.TimeoutError: User timeout caused connection failure.
2026-10-06 07:02:12 [scrapy.core.engine] INFO: Closing spider (finished)
2026-10-06 07:02:12 [nse_scraper.pipelines] INFO: Storage backend closed
2026-10-06 07:02:12 [nse_scraper.extensions] INFO: Data quality gate passed for afx_scraper: 0 items (minimum 0)
2026-10-06 07:02:12 [scrapy.statscollectors] INFO: Dumping Scrapy stats:
{'downloader/exception_count': 4,
 'downloader/exception_type_count/twisted.internet.error.TimeoutError': 4,
 'downloader/request_bytes': 1276,
 'downloader/request_count': 4,
 'downloader/request_method_count/GET': 4,
 'elapsed_time_seconds': 120.978812,
 'finish_reason': 'finished',
 'finish_time': datetime.datetime(2026, 10, 6, 7, 2, 12, 676188, tzinfo=datetime.timezone.utc),
 'items_per_minute': 0.0,
 'log_count/ERROR': 2,
 'log_count/INFO': 7,
 'memusage/max': 91262976,
 'memusage/startup': 90738688,
 'responses_per_minute': 0.0,
 'retry/count': 3,
 'retry/max_reached': 1,
 'retry/reason_count/twisted.internet.error.TimeoutError': 3,
 'scheduler/dequeued': 4,
 'scheduler/dequeued/memory': 4,
 'scheduler/enqueued': 4,
 'scheduler/enqueued/memory': 4,
 'start_time': datetime.datetime(2026, 10, 6, 7, 0, 11, 697376, tzinfo=datetime.timezone.utc)}
2026-10-06 07:02:12 [scrapy.core.engine] INFO: Spider closed (finished)
[2026-10-06T07:02:13+0000] END afx_scraper exit=0
[2026-10-06T07:02:13+0000] QUALITY afx_scraper OK items=0 min=0 db_ok=0 db_failed=0
[2026-10-06T07:02:13+0000] START stockanalysis_scraper
2026-10-06 07:02:14 [scrapy.utils.log] INFO: Scrapy 2.14.1 started (bot: nse_scraper)
2026-10-06 07:02:14 [scrapy.utils.log] INFO: Versions:
{'lxml': '6.0.2',
 'libxml2': '2.14.6',
 'cssselect': '1.4.0',
 'parsel': '1.11.0',
 'w3lib': '2.3.1',
 'Twisted': '25.5.0',
 'Python': '3.14.7 (main, Sep  1 2026, 00:05:20) [GCC 14.2.0]',
 'pyOpenSSL': '25.3.0 (OpenSSL 3.5.5 27 Jan 2026)',
 'cryptography': '46.0.4',
 'Platform': 'Linux-6.8.0-100-generic-x86_64-with-glibc2.41'}
2026-10-06 07:02:14 [scrapy.addons] INFO: Enabled addons:
[]
2026-10-06 07:02:14 [scrapy.extensions.telnet] INFO: Telnet Password: d0d9f8f025a765ac
2026-10-06 07:02:14 [scrapy.middleware] INFO: Enabled extensions:
['scrapy.extensions.corestats.CoreStats',
 'scrapy.extensions.logcount.LogCount',
 'scrapy.extensions.telnet.TelnetConsole',
 'scrapy.extensions.memusage.MemoryUsage',
 'scrapy.extensions.logstats.LogStats',
 'scrapy.extensions.throttle.AutoThrottle',
 'nse_scraper.extensions.DataQualityGate']
2026-10-06 07:02:14 [scrapy.crawler] INFO: Overridden settings:
{'AUTOTHROTTLE_ENABLED': True,
 'AUTOTHROTTLE_MAX_DELAY': 15,
 'AUTOTHROTTLE_START_DELAY': 2,
 'BOT_NAME': 'nse_scraper',
 'CONCURRENT_REQUESTS': 8,
 'CONCURRENT_REQUESTS_PER_DOMAIN': 1,
 'DOWNLOAD_DELAY': 2.0,
 'DOWNLOAD_TIMEOUT': 30,
 'HTTPCACHE_ENABLED': 'False',
 'HTTPCACHE_EXPIRATION_SECS': 3600,
 'LOG_LEVEL': 'INFO',
 'NEWSPIDER_MODULE': 'nse_scraper.spiders',
 'RETRY_HTTP_CODES': [500, 502, 503, 504, 408, 429],
 'SPIDER_MODULES': ['nse_scraper.spiders'],
 'USER_AGENT': 'Mozilla/5.0 (Windows NT 10.0; Win64; x64) AppleWebKit/537.36 '
               '(KHTML, like Gecko) Chrome/120.0.0.0 Safari/537.36'}
2026-10-06 07:02:14 [scrapy.middleware] INFO: Enabled downloader middlewares:
['scrapy.downloadermiddlewares.offsite.OffsiteMiddleware',
 'scrapy.downloadermiddlewares.httpauth.HttpAuthMiddleware',
 'scrapy.downloadermiddlewares.downloadtimeout.DownloadTimeoutMiddleware',
 'scrapy.downloadermiddlewares.defaultheaders.DefaultHeadersMiddleware',
 'scrapy.downloadermiddlewares.useragent.UserAgentMiddleware',
 'nse_scraper.middlewares.NseScraperDownloaderMiddleware',
 'scrapy.downloadermiddlewares.retry.RetryMiddleware',
 'scrapy.downloadermiddlewares.redirect.MetaRefreshMiddleware',
 'scrapy.downloadermiddlewares.httpcompression.HttpCompressionMiddleware',
 'scrapy.downloadermiddlewares.redirect.RedirectMiddleware',
 'scrapy.downloadermiddlewares.cookies.CookiesMiddleware',
 'scrapy.downloadermiddlewares.httpproxy.HttpProxyMiddleware',
 'scrapy.downloadermiddlewares.stats.DownloaderStats']
2026-10-06 07:02:14 [py.warnings] WARNING: /usr/local/lib/python3.14/site-packages/scrapy/core/downloader/middleware.py:44: ScrapyDeprecationWarning: NseScraperDownloaderMiddleware.process_request() requires a spider argument, this is deprecated and the argument will not be passed in future Scrapy versions. If you need to access the spider instance you can save the crawler instance passed to from_crawler() and use its spider attribute.
  self._check_mw_method_spider_arg(mw.process_request)

2026-10-06 07:02:14 [scrapy.middleware] INFO: Enabled spider middlewares:
['scrapy.spidermiddlewares.start.StartSpiderMiddleware',
 'scrapy.spidermiddlewares.httperror.HttpErrorMiddleware',
 'scrapy.spidermiddlewares.referer.RefererMiddleware',
 'scrapy.spidermiddlewares.urllength.UrlLengthMiddleware',
 'scrapy.spidermiddlewares.depth.DepthMiddleware']
2026-10-06 07:02:14 [scrapy.middleware] INFO: Enabled item pipelines:
['nse_scraper.pipelines.StockAnalysisPipeline']
2026-10-06 07:02:14 [scrapy.core.engine] INFO: Spider opened
2026-10-06 07:02:14 [nse_scraper.db.backends] INFO: SQLite backend ready: /app/data/nse_scraper.sqlite3
2026-10-06 07:02:14 [nse_scraper.pipelines] INFO: StockAnalysisPipeline: Supabase storage active
2026-10-06 07:02:14 [scrapy.extensions.logstats] INFO: Crawled 0 pages (at 0 pages/min), scraped 0 items (at 0 items/min)
2026-10-06 07:02:14 [stockanalysis_scraper] INFO: Spider opened: stockanalysis_scraper
2026-10-06 07:02:14 [scrapy.extensions.telnet] INFO: Telnet console listening on 127.0.0.1:6023
2026-10-06 07:02:15 [nse_scraper.spiders.stockanalysis_scraper] INFO: View 'performance' missing in embedded payload; rebuilding from per-symbol pages
2026-10-06 07:02:15 [nse_scraper.spiders.stockanalysis_scraper] INFO: Enriching 16 of 63 symbols this run (offset 53): SGL,HAFR,CABL,FTGH,XPRS,OCH,EVRD,KURV,TRFC,ALP,SCOM,EQTY,KCB,EABL,COOP,ABSA
2026-10-06 07:02:15 [nse_scraper.spiders.stockanalysis_scraper] INFO: Fetching financial statements for 8 of 63 symbols this run (offset 58): OCH,EVRD,KURV,TRFC,ALP,SCOM,EQTY,KCB
2026-10-06 07:02:22 [nse_scraper.spiders.stockanalysis_scraper] INFO: No cashflow/quarterly statement rows for KCB
2026-10-06 07:02:42 [nse_scraper.spiders.stockanalysis_scraper] INFO: No cashflow/quarterly statement rows for EQTY
2026-10-06 07:03:14 [scrapy.extensions.logstats] INFO: Crawled 25 pages (at 25 pages/min), scraped 85 items (at 85 items/min)
2026-10-06 07:03:17 [nse_scraper.spiders.stockanalysis_scraper] WARNING: Statement page request failed: https://stockanalysis.com/quote/nase/ALP/financials/ratios/?p=quarterly (Ignoring non-200 response)
2026-10-06 07:03:20 [nse_scraper.spiders.stockanalysis_scraper] WARNING: Statement page request failed: https://stockanalysis.com/quote/nase/ALP/financials/ratios/ (Ignoring non-200 response)
2026-10-06 07:03:23 [nse_scraper.spiders.stockanalysis_scraper] WARNING: Statement page request failed: https://stockanalysis.com/quote/nase/ALP/financials/cash-flow-statement/?p=quarterly (Ignoring non-200 response)
2026-10-06 07:03:25 [nse_scraper.spiders.stockanalysis_scraper] WARNING: Statement page request failed: https://stockanalysis.com/quote/nase/ALP/financials/cash-flow-statement/ (Ignoring non-200 response)
2026-10-06 07:03:27 [nse_scraper.spiders.stockanalysis_scraper] WARNING: Statement page request failed: https://stockanalysis.com/quote/nase/ALP/financials/balance-sheet/?p=quarterly (Ignoring non-200 response)
2026-10-06 07:03:29 [nse_scraper.spiders.stockanalysis_scraper] WARNING: Statement page request failed: https://stockanalysis.com/quote/nase/ALP/financials/balance-sheet/ (Ignoring non-200 response)
2026-10-06 07:03:31 [nse_scraper.spiders.stockanalysis_scraper] WARNING: Statement page request failed: https://stockanalysis.com/quote/nase/ALP/financials/income-statement/?p=quarterly (Ignoring non-200 response)
2026-10-06 07:03:33 [nse_scraper.spiders.stockanalysis_scraper] WARNING: Statement page request failed: https://stockanalysis.com/quote/nase/ALP/financials/income-statement/ (Ignoring non-200 response)
2026-10-06 07:03:35 [nse_scraper.spiders.stockanalysis_scraper] INFO: No ratios/quarterly statement rows for TRFC
2026-10-06 07:03:40 [nse_scraper.spiders.stockanalysis_scraper] INFO: No cashflow/quarterly statement rows for TRFC
2026-10-06 07:03:45 [nse_scraper.spiders.stockanalysis_scraper] INFO: No balance/quarterly statement rows for TRFC
2026-10-06 07:03:50 [nse_scraper.spiders.stockanalysis_scraper] INFO: No income/quarterly statement rows for TRFC
2026-10-06 07:03:54 [nse_scraper.spiders.stockanalysis_scraper] WARNING: Statement page request failed: https://stockanalysis.com/quote/nase/KURV/financials/ratios/?p=quarterly (Ignoring non-200 response)
2026-10-06 07:03:56 [nse_scraper.spiders.stockanalysis_scraper] WARNING: Statement page request failed: https://stockanalysis.com/quote/nase/KURV/financials/ratios/ (Ignoring non-200 response)
2026-10-06 07:03:59 [nse_scraper.spiders.stockanalysis_scraper] WARNING: Statement page request failed: https://stockanalysis.com/quote/nase/KURV/financials/cash-flow-statement/?p=quarterly (Ignoring non-200 response)
2026-10-06 07:04:01 [nse_scraper.spiders.stockanalysis_scraper] WARNING: Statement page request failed: https://stockanalysis.com/quote/nase/KURV/financials/cash-flow-statement/ (Ignoring non-200 response)
2026-10-06 07:04:04 [nse_scraper.spiders.stockanalysis_scraper] WARNING: Statement page request failed: https://stockanalysis.com/quote/nase/KURV/financials/balance-sheet/?p=quarterly (Ignoring non-200 response)
2026-10-06 07:04:07 [nse_scraper.spiders.stockanalysis_scraper] WARNING: Statement page request failed: https://stockanalysis.com/quote/nase/KURV/financials/balance-sheet/ (Ignoring non-200 response)
2026-10-06 07:04:09 [nse_scraper.spiders.stockanalysis_scraper] WARNING: Statement page request failed: https://stockanalysis.com/quote/nase/KURV/financials/income-statement/?p=quarterly (Ignoring non-200 response)
2026-10-06 07:04:12 [nse_scraper.spiders.stockanalysis_scraper] WARNING: Statement page request failed: https://stockanalysis.com/quote/nase/KURV/financials/income-statement/ (Ignoring non-200 response)
2026-10-06 07:04:14 [scrapy.extensions.logstats] INFO: Crawled 50 pages (at 25 pages/min), scraped 90 items (at 5 items/min)
2026-10-06 07:04:21 [nse_scraper.spiders.stockanalysis_scraper] WARNING: Statement page request failed: https://stockanalysis.com/quote/nase/EVRD/financials/cash-flow-statement/ (Ignoring non-200 response)
2026-10-06 07:04:23 [nse_scraper.spiders.stockanalysis_scraper] WARNING: Statement page request failed: https://stockanalysis.com/quote/nase/EVRD/financials/balance-sheet/?p=quarterly (Ignoring non-200 response)
2026-10-06 07:04:25 [nse_scraper.spiders.stockanalysis_scraper] WARNING: Statement page request failed: https://stockanalysis.com/quote/nase/EVRD/financials/balance-sheet/ (Ignoring non-200 response)
2026-10-06 07:04:28 [nse_scraper.spiders.stockanalysis_scraper] WARNING: Statement page request failed: https://stockanalysis.com/quote/nase/EVRD/financials/income-statement/?p=quarterly (Ignoring non-200 response)
2026-10-06 07:04:29 [nse_scraper.spiders.stockanalysis_scraper] WARNING: Statement page request failed: https://stockanalysis.com/quote/nase/EVRD/financials/income-statement/ (Ignoring non-200 response)
2026-10-06 07:04:31 [nse_scraper.spiders.stockanalysis_scraper] WARNING: Statement page request failed: https://stockanalysis.com/quote/nase/OCH/financials/ratios/?p=quarterly (Ignoring non-200 response)
2026-10-06 07:04:33 [nse_scraper.spiders.stockanalysis_scraper] WARNING: Statement page request failed: https://stockanalysis.com/quote/nase/OCH/financials/ratios/ (Ignoring non-200 response)
2026-10-06 07:04:36 [nse_scraper.spiders.stockanalysis_scraper] WARNING: Statement page request failed: https://stockanalysis.com/quote/nase/OCH/financials/cash-flow-statement/?p=quarterly (Ignoring non-200 response)
2026-10-06 07:04:39 [nse_scraper.spiders.stockanalysis_scraper] WARNING: Statement page request failed: https://stockanalysis.com/quote/nase/OCH/financials/cash-flow-statement/ (Ignoring non-200 response)
2026-10-06 07:04:40 [nse_scraper.spiders.stockanalysis_scraper] WARNING: Statement page request failed: https://stockanalysis.com/quote/nase/OCH/financials/balance-sheet/?p=quarterly (Ignoring non-200 response)
2026-10-06 07:04:42 [nse_scraper.spiders.stockanalysis_scraper] WARNING: Statement page request failed: https://stockanalysis.com/quote/nase/OCH/financials/balance-sheet/ (Ignoring non-200 response)
2026-10-06 07:04:45 [nse_scraper.spiders.stockanalysis_scraper] WARNING: Statement page request failed: https://stockanalysis.com/quote/nase/OCH/financials/income-statement/?p=quarterly (Ignoring non-200 response)
2026-10-06 07:04:47 [nse_scraper.spiders.stockanalysis_scraper] WARNING: Statement page request failed: https://stockanalysis.com/quote/nase/OCH/financials/income-statement/ (Ignoring non-200 response)
2026-10-06 07:04:50 [nse_scraper.spiders.stockanalysis_scraper] WARNING: Per-symbol page request failed: https://stockanalysis.com/quote/nase/ABSA/company/ (Ignoring non-200 response)
2026-10-06 07:04:51 [nse_scraper.spiders.stockanalysis_scraper] WARNING: Per-symbol page request failed: https://stockanalysis.com/quote/nase/ABSA/dividend/ (Ignoring non-200 response)
2026-10-06 07:04:54 [nse_scraper.spiders.stockanalysis_scraper] WARNING: Per-symbol page request failed: https://stockanalysis.com/quote/nase/ABSA/ (Ignoring non-200 response)
2026-10-06 07:04:57 [nse_scraper.spiders.stockanalysis_scraper] WARNING: Per-symbol page request failed: https://stockanalysis.com/quote/nase/COOP/company/ (Ignoring non-200 response)
2026-10-06 07:04:59 [nse_scraper.spiders.stockanalysis_scraper] WARNING: Per-symbol page request failed: https://stockanalysis.com/quote/nase/COOP/dividend/ (Ignoring non-200 response)
2026-10-06 07:05:02 [nse_scraper.spiders.stockanalysis_scraper] WARNING: Per-symbol page request failed: https://stockanalysis.com/quote/nase/COOP/ (Ignoring non-200 response)
2026-10-06 07:05:04 [nse_scraper.spiders.stockanalysis_scraper] WARNING: Per-symbol page request failed: https://stockanalysis.com/quote/nase/EABL/company/ (Ignoring non-200 response)
2026-10-06 07:05:06 [nse_scraper.spiders.stockanalysis_scraper] WARNING: Per-symbol page request failed: https://stockanalysis.com/quote/nase/EABL/dividend/ (Ignoring non-200 response)
2026-10-06 07:05:08 [nse_scraper.spiders.stockanalysis_scraper] WARNING: Per-symbol page request failed: https://stockanalysis.com/quote/nase/EABL/ (Ignoring non-200 response)
2026-10-06 07:05:11 [nse_scraper.spiders.stockanalysis_scraper] WARNING: Per-symbol page request failed: https://stockanalysis.com/quote/nase/KCB/company/ (Ignoring non-200 response)
2026-10-06 07:05:13 [nse_scraper.spiders.stockanalysis_scraper] WARNING: Per-symbol page request failed: https://stockanalysis.com/quote/nase/KCB/dividend/ (Ignoring non-200 response)
2026-10-06 07:05:14 [scrapy.extensions.logstats] INFO: Crawled 76 pages (at 26 pages/min), scraped 92 items (at 2 items/min)
2026-10-06 07:05:15 [nse_scraper.spiders.stockanalysis_scraper] WARNING: Per-symbol page request failed: https://stockanalysis.com/quote/nase/KCB/ (Ignoring non-200 response)
2026-10-06 07:05:18 [nse_scraper.spiders.stockanalysis_scraper] WARNING: Per-symbol page request failed: https://stockanalysis.com/quote/nase/EQTY/company/ (Ignoring non-200 response)
2026-10-06 07:05:19 [nse_scraper.spiders.stockanalysis_scraper] WARNING: Per-symbol page request failed: https://stockanalysis.com/quote/nase/EQTY/dividend/ (Ignoring non-200 response)
2026-10-06 07:05:22 [nse_scraper.spiders.stockanalysis_scraper] WARNING: Per-symbol page request failed: https://stockanalysis.com/quote/nase/EQTY/ (Ignoring non-200 response)
2026-10-06 07:05:25 [nse_scraper.spiders.stockanalysis_scraper] WARNING: Per-symbol page request failed: https://stockanalysis.com/quote/nase/SCOM/company/ (Ignoring non-200 response)
2026-10-06 07:05:28 [nse_scraper.spiders.stockanalysis_scraper] WARNING: Per-symbol page request failed: https://stockanalysis.com/quote/nase/SCOM/dividend/ (Ignoring non-200 response)
2026-10-06 07:05:31 [nse_scraper.spiders.stockanalysis_scraper] WARNING: Per-symbol page request failed: https://stockanalysis.com/quote/nase/SCOM/ (Ignoring non-200 response)
2026-10-06 07:05:32 [nse_scraper.spiders.stockanalysis_scraper] WARNING: Per-symbol page request failed: https://stockanalysis.com/quote/nase/ALP/company/ (Ignoring non-200 response)
2026-10-06 07:05:35 [nse_scraper.spiders.stockanalysis_scraper] WARNING: Per-symbol page request failed: https://stockanalysis.com/quote/nase/ALP/dividend/ (Ignoring non-200 response)
2026-10-06 07:05:37 [nse_scraper.spiders.stockanalysis_scraper] WARNING: Per-symbol page request failed: https://stockanalysis.com/quote/nase/ALP/ (Ignoring non-200 response)
2026-10-06 07:05:39 [nse_scraper.spiders.stockanalysis_scraper] WARNING: Per-symbol page request failed: https://stockanalysis.com/quote/nase/TRFC/company/ (Ignoring non-200 response)
2026-10-06 07:05:42 [nse_scraper.spiders.stockanalysis_scraper] WARNING: Per-symbol page request failed: https://stockanalysis.com/quote/nase/TRFC/dividend/ (Ignoring non-200 response)
2026-10-06 07:05:45 [nse_scraper.spiders.stockanalysis_scraper] WARNING: Per-symbol page request failed: https://stockanalysis.com/quote/nase/TRFC/ (Ignoring non-200 response)
2026-10-06 07:05:48 [nse_scraper.spiders.stockanalysis_scraper] WARNING: Per-symbol page request failed: https://stockanalysis.com/quote/nase/KURV/company/ (Ignoring non-200 response)
2026-10-06 07:05:50 [nse_scraper.spiders.stockanalysis_scraper] WARNING: Per-symbol page request failed: https://stockanalysis.com/quote/nase/KURV/dividend/ (Ignoring non-200 response)
2026-10-06 07:05:53 [nse_scraper.spiders.stockanalysis_scraper] WARNING: Per-symbol page request failed: https://stockanalysis.com/quote/nase/KURV/ (Ignoring non-200 response)
2026-10-06 07:05:56 [nse_scraper.spiders.stockanalysis_scraper] WARNING: Per-symbol page request failed: https://stockanalysis.com/quote/nase/EVRD/company/ (Ignoring non-200 response)
2026-10-06 07:05:58 [nse_scraper.spiders.stockanalysis_scraper] WARNING: Per-symbol page request failed: https://stockanalysis.com/quote/nase/EVRD/dividend/ (Ignoring non-200 response)
2026-10-06 07:06:00 [nse_scraper.spiders.stockanalysis_scraper] WARNING: Per-symbol page request failed: https://stockanalysis.com/quote/nase/EVRD/ (Ignoring non-200 response)
2026-10-06 07:06:02 [nse_scraper.spiders.stockanalysis_scraper] WARNING: Per-symbol page request failed: https://stockanalysis.com/quote/nase/OCH/company/ (Ignoring non-200 response)
2026-10-06 07:06:04 [nse_scraper.spiders.stockanalysis_scraper] WARNING: Per-symbol page request failed: https://stockanalysis.com/quote/nase/OCH/dividend/ (Ignoring non-200 response)
2026-10-06 07:06:07 [nse_scraper.spiders.stockanalysis_scraper] WARNING: Per-symbol page request failed: https://stockanalysis.com/quote/nase/OCH/ (Ignoring non-200 response)
2026-10-06 07:06:10 [nse_scraper.spiders.stockanalysis_scraper] WARNING: Per-symbol page request failed: https://stockanalysis.com/quote/nase/XPRS/company/ (Ignoring non-200 response)
2026-10-06 07:06:12 [nse_scraper.spiders.stockanalysis_scraper] WARNING: Per-symbol page request failed: https://stockanalysis.com/quote/nase/XPRS/dividend/ (Ignoring non-200 response)
2026-10-06 07:06:14 [scrapy.extensions.logstats] INFO: Crawled 100 pages (at 24 pages/min), scraped 92 items (at 0 items/min)
2026-10-06 07:06:15 [nse_scraper.spiders.stockanalysis_scraper] WARNING: Per-symbol page request failed: https://stockanalysis.com/quote/nase/XPRS/ (Ignoring non-200 response)
2026-10-06 07:06:19 [nse_scraper.spiders.stockanalysis_scraper] WARNING: Per-symbol page request failed: https://stockanalysis.com/quote/nase/FTGH/dividend/ (Ignoring non-200 response)
2026-10-06 07:06:21 [nse_scraper.spiders.stockanalysis_scraper] WARNING: Per-symbol page request failed: https://stockanalysis.com/quote/nase/FTGH/ (Ignoring non-200 response)
2026-10-06 07:06:24 [nse_scraper.spiders.stockanalysis_scraper] WARNING: Per-symbol page request failed: https://stockanalysis.com/quote/nase/CABL/company/ (Ignoring non-200 response)
2026-10-06 07:06:26 [nse_scraper.spiders.stockanalysis_scraper] WARNING: Per-symbol page request failed: https://stockanalysis.com/quote/nase/CABL/dividend/ (Ignoring non-200 response)
2026-10-06 07:06:29 [nse_scraper.spiders.stockanalysis_scraper] WARNING: Per-symbol page request failed: https://stockanalysis.com/quote/nase/CABL/ (Ignoring non-200 response)
2026-10-06 07:06:31 [nse_scraper.spiders.stockanalysis_scraper] WARNING: Per-symbol page request failed: https://stockanalysis.com/quote/nase/HAFR/company/ (Ignoring non-200 response)
2026-10-06 07:06:34 [nse_scraper.spiders.stockanalysis_scraper] WARNING: Per-symbol page request failed: https://stockanalysis.com/quote/nase/HAFR/dividend/ (Ignoring non-200 response)
2026-10-06 07:06:36 [nse_scraper.spiders.stockanalysis_scraper] WARNING: Per-symbol page request failed: https://stockanalysis.com/quote/nase/HAFR/ (Ignoring non-200 response)
2026-10-06 07:06:39 [nse_scraper.spiders.stockanalysis_scraper] WARNING: Per-symbol page request failed: https://stockanalysis.com/quote/nase/SGL/company/ (Ignoring non-200 response)
2026-10-06 07:06:41 [nse_scraper.spiders.stockanalysis_scraper] WARNING: Per-symbol page request failed: https://stockanalysis.com/quote/nase/SGL/dividend/ (Ignoring non-200 response)
2026-10-06 07:06:43 [nse_scraper.spiders.stockanalysis_scraper] WARNING: Per-symbol page request failed: https://stockanalysis.com/quote/nase/SGL/ (Ignoring non-200 response)
2026-10-06 07:06:43 [scrapy.core.engine] INFO: Closing spider (finished)
2026-10-06 07:06:43 [nse_scraper.extensions] ERROR: Data quality gate FAILED for stockanalysis_scraper: scraped 93 items, below minimum of 95
2026-10-06 07:06:43 [scrapy.statscollectors] INFO: Dumping Scrapy stats:
{'downloader/request_bytes': 47285,
 'downloader/request_count': 113,
 'downloader/request_method_count/GET': 113,
 'downloader/response_bytes': 2154200,
 'downloader/response_count': 113,
 'downloader/response_status_count/200': 37,
 'downloader/response_status_count/403': 60,
 'downloader/response_status_count/404': 16,
 'elapsed_time_seconds': 268.882808,
 'finish_reason': 'finished',
 'finish_time': datetime.datetime(2026, 10, 6, 7, 6, 43, 752496, tzinfo=datetime.timezone.utc),
 'httpcompression/response_bytes': 8821010,
 'httpcompression/response_count': 113,
 'item_scraped_count': 93,
 'items_per_minute': 20.82089552238806,
 'log_count/INFO': 17,
 'log_count/WARNING': 76,
 'memusage/max': 110895104,
 'memusage/startup': 92938240,
 'nse/db_upsert_ok': 63,
 'nse_scraper/financials_ok': 29,
 'request_depth_max': 1,
 'response_received_count': 113,
 'responses_per_minute': 25.298507462686565,
 'scheduler/dequeued': 113,
 'scheduler/dequeued/memory': 113,
 'scheduler/enqueued': 113,
 'scheduler/enqueued/memory': 113,
 'start_time': datetime.datetime(2026, 10, 6, 7, 2, 14, 869688, tzinfo=datetime.timezone.utc),
 'stockanalysis/statement_page_empty': 6,
 'stockanalysis/statement_page_failed': 29,
 'stockanalysis/symbol_page_failed': 47}
2026-10-06 07:06:43 [scrapy.core.engine] INFO: Spider closed (finished)
[2026-10-06T07:06:44+0000] END stockanalysis_scraper exit=0
[2026-10-06T07:06:44+0000] QUALITY stockanalysis_scraper FAILED items=93 min=95 db_ok=63 db_failed=0 scraped 93 items, below minimum of 95
[2026-10-06T07:06:44+0000] RUN_STATUS FAILED afx_exit=0 stockanalysis_exit=2
